---------------------------------------------------------------------------------------------------------------------------------------------------------
      name:  <unnamed>
       log:  C:\Users\dacza_000\Desktop\UdelaR\CCEEA\Semestre 7\Econometría II\Prácticos\Práctico 1 - Repaso MRLG\Taller_1_2016.log
  log type:  text
 opened on:  23 Mar 2016, 14:56:53

. 
end of do-file

. run "C:\Users\DACZA_~1\AppData\Local\Temp\STD00000000.tmp"
log file already open
r(604);

. do "C:\Users\DACZA_~1\AppData\Local\Temp\STD00000000.tmp"

. use "$ruta\taller1.dta", clear

. 
end of do-file

. do "C:\Users\DACZA_~1\AppData\Local\Temp\STD00000000.tmp"

. sum wage educ exper female

    Variable |       Obs        Mean    Std. Dev.       Min        Max
-------------+--------------------------------------------------------
        wage |      1000    2.166837    .5528061   .7080358   4.097506
        educ |      1000      13.285    2.468171          1         18
       exper |      1000       18.78    11.31882          0         52
      female |      1000        .494    .5002142          0          1

. 
end of do-file

. do "C:\Users\DACZA_~1\AppData\Local\Temp\STD00000000.tmp"

. rename wage log_wage

. 
end of do-file

. do "C:\Users\DACZA_~1\AppData\Local\Temp\STD00000000.tmp"

. sum log_wage educ exper female

    Variable |       Obs        Mean    Std. Dev.       Min        Max
-------------+--------------------------------------------------------
    log_wage |      1000    2.166837    .5528061   .7080358   4.097506
        educ |      1000      13.285    2.468171          1         18
       exper |      1000       18.78    11.31882          0         52
      female |      1000        .494    .5002142          0          1

. 
end of do-file

. do "C:\Users\DACZA_~1\AppData\Local\Temp\STD00000000.tmp"

. gen wage = exp(log_wage)

. 
end of do-file

. do "C:\Users\DACZA_~1\AppData\Local\Temp\STD00000000.tmp"

. sum wage educ exper female

    Variable |       Obs        Mean    Std. Dev.       Min        Max
-------------+--------------------------------------------------------
        wage |      1000    10.21302    6.246641       2.03   60.18999
        educ |      1000      13.285    2.468171          1         18
       exper |      1000       18.78    11.31882          0         52
      female |      1000        .494    .5002142          0          1

. 
end of do-file

. do "C:\Users\DACZA_~1\AppData\Local\Temp\STD00000000.tmp"

. pwcorr log_wage educ exper female, star(0.05)

             | log_wage     educ    exper   female
-------------+------------------------------------
    log_wage |   1.0000 
        educ |   0.4633*  1.0000 
       exper |   0.1638* -0.1823*  1.0000 
      female |  -0.2393* -0.0233   0.0090   1.0000 

. 
end of do-file

. do "C:\Users\DACZA_~1\AppData\Local\Temp\STD00000000.tmp"

. tabstat log_wage, by(female) s(mean var count)

Summary for variables: log_wage
     by categories of: female (Dummy, 1=mujer)

  female |      mean  variance         N
---------+------------------------------
       0 |  2.297458  .2973389       506
       1 |  2.033042  .2792217       494
---------+------------------------------
   Total |  2.166837  .3055945      1000
----------------------------------------

. 
end of do-file

. do "C:\Users\DACZA_~1\AppData\Local\Temp\STD00000000.tmp"

. reg wage female

      Source |       SS       df       MS              Number of obs =    1000
-------------+------------------------------           F(  1,   998) =   47.31
       Model |  1764.32625     1  1764.32625           Prob > F      =  0.0000
    Residual |  37217.1724   998  37.2917559           R-squared     =  0.0453
-------------+------------------------------           Adj R-squared =  0.0443
       Total |  38981.4986   999  39.0205191           Root MSE      =  6.1067

------------------------------------------------------------------------------
        wage |      Coef.   Std. Err.      t    P>|t|     [95% Conf. Interval]
-------------+----------------------------------------------------------------
      female |   -2.65675   .3862493    -6.88   0.000    -3.414704   -1.898796
       _cons |   11.52545   .2714758    42.45   0.000     10.99273    12.05818
------------------------------------------------------------------------------

. 
end of do-file

. do "C:\Users\DACZA_~1\AppData\Local\Temp\STD00000000.tmp"

. matrix betas = e(b) /* Guardo la matriz de coefficientes asociados a los regresores */

. 
end of do-file

. do "C:\Users\DACZA_~1\AppData\Local\Temp\STD00000000.tmp"

. scalar beta_0=b[1,colsof(b)] /* Genero el beta_0 */
b not found
r(111);

end of do-file

r(111);

. do "C:\Users\DACZA_~1\AppData\Local\Temp\STD00000000.tmp"

. local aux=colsof(betas)-1 /* Genero un local igual a la cantidad de coefs de regresores (sin contar la constante) */

. 
. /* Genero un loop que guarda el resto de los betas (beta_1, beta_2, ... ) */
. forvalues i=1/`aux' {
  2. scalar beta_`i'=b[1,`i']
  3. }
b not found
r(111);

end of do-file

r(111);

. do "C:\Users\DACZA_~1\AppData\Local\Temp\STD00000000.tmp"

. local aux=colsof(betas)-1 /* Genero un local igual a la cantidad de coefs de regresores (sin contar la constante) */

. 
. /* Genero un loop que guarda el resto de los betas (beta_1, beta_2, ... ) */
. forvalues i=1/`aux' {
  2. scalar beta_`i'=betas[1,`i']
  3. }

. *
. 
end of do-file

. display beta_'
beta_' invalid name
r(198);

. display beta_0
beta_0 not found
r(111);

. beta_1
unrecognized command:  beta_1
r(199);

. display beta_1
-2.6567502

. do "C:\Users\DACZA_~1\AppData\Local\Temp\STD00000000.tmp"

. matrix betas = e(b) /* Guardo la matriz de coefficientes asociados a los regresores */

. scalar beta_0=b[1,colsof(betas)] /* Genero el beta_0 */
b not found
r(111);

end of do-file

r(111);

. do "C:\Users\DACZA_~1\AppData\Local\Temp\STD00000000.tmp"

. reg wage female

      Source |       SS       df       MS              Number of obs =    1000
-------------+------------------------------           F(  1,   998) =   47.31
       Model |  1764.32625     1  1764.32625           Prob > F      =  0.0000
    Residual |  37217.1724   998  37.2917559           R-squared     =  0.0453
-------------+------------------------------           Adj R-squared =  0.0443
       Total |  38981.4986   999  39.0205191           Root MSE      =  6.1067

------------------------------------------------------------------------------
        wage |      Coef.   Std. Err.      t    P>|t|     [95% Conf. Interval]
-------------+----------------------------------------------------------------
      female |   -2.65675   .3862493    -6.88   0.000    -3.414704   -1.898796
       _cons |   11.52545   .2714758    42.45   0.000     10.99273    12.05818
------------------------------------------------------------------------------

. 
. matrix betas = e(b) /* Guardo la matriz de coefficientes asociados a los regresores */

. scalar beta_0=b[1,colsof(betas)] /* Genero el beta_0 */
b not found
r(111);

end of do-file

r(111);

. do "C:\Users\DACZA_~1\AppData\Local\Temp\STD00000000.tmp"

. reg wage female

      Source |       SS       df       MS              Number of obs =    1000
-------------+------------------------------           F(  1,   998) =   47.31
       Model |  1764.32625     1  1764.32625           Prob > F      =  0.0000
    Residual |  37217.1724   998  37.2917559           R-squared     =  0.0453
-------------+------------------------------           Adj R-squared =  0.0443
       Total |  38981.4986   999  39.0205191           Root MSE      =  6.1067

------------------------------------------------------------------------------
        wage |      Coef.   Std. Err.      t    P>|t|     [95% Conf. Interval]
-------------+----------------------------------------------------------------
      female |   -2.65675   .3862493    -6.88   0.000    -3.414704   -1.898796
       _cons |   11.52545   .2714758    42.45   0.000     10.99273    12.05818
------------------------------------------------------------------------------

. 
. matrix betas = e(b) /* Guardo la matriz de coefficientes asociados a los regresores */

. scalar beta_0=betas[1,colsof(betas)] /* Genero el beta_0 */

. local aux=colsof(betas)-1 /* Genero un local igual a la cantidad de coefs de regresores (sin contar la constante) */

. 
. /* Genero un loop que guarda el resto de los betas (beta_1, beta_2, ... ) */
. forvalues i=1/`aux' {
  2. scalar beta_`i'=betas[1,`i']
  3. }

. *
. 
end of do-file

. display beta_0
11.525455

. scalar list
    beta_0 =  11.525455
    beta_1 = -2.6567502

. help reg

. sigma=e(rmae)
unrecognized command:  sigma
r(199);

. scalar sigma=e(rmse)

. display sigma
6.1066976

. scalar var=sigma*sigma

. display var
37.291756

. do "C:\Users\DACZA_~1\AppData\Local\Temp\STD00000000.tmp"

. tabstat log_wage, by(educ) s(mean sd count)

Summary for variables: log_wage
     by categories of: educ (Años de educación formal completos)

    educ |      mean        sd         N
---------+------------------------------
       1 |   1.48614         .         1
       4 |   1.64669  .2718982         6
       6 |  1.869022  .5506254        11
       8 |  1.808895  .4652123        10
       9 |  1.728196  .4564017        20
      10 |  1.755268  .3199866        16
      11 |  1.764269  .4332013        24
      12 |  1.998406  .4768437       379
      13 |  2.115645  .5046948       204
      14 |  2.284479  .4542072        60
      16 |  2.449539  .5287058       186
      18 |  2.773026  .4460489        83
---------+------------------------------
   Total |  2.166837  .5528061      1000
----------------------------------------

. 
end of do-file

. do "C:\Users\DACZA_~1\AppData\Local\Temp\STD00000000.tmp"

. reg log_wage educ

      Source |       SS       df       MS              Number of obs =    1000
-------------+------------------------------           F(  1,   998) =  272.72
       Model |  65.5213155     1  65.5213155           Prob > F      =  0.0000
    Residual |  239.767622   998  .240248118           R-squared     =  0.2146
-------------+------------------------------           Adj R-squared =  0.2138
       Total |  305.288937   999  .305594532           Root MSE      =  .49015

------------------------------------------------------------------------------
    log_wage |      Coef.   Std. Err.      t    P>|t|     [95% Conf. Interval]
-------------+----------------------------------------------------------------
        educ |   .1037608   .0062831    16.51   0.000     .0914313    .1160904
       _cons |   .7883743   .0848975     9.29   0.000     .6217761    .9549724
------------------------------------------------------------------------------

. 
end of do-file

. do "C:\Users\DACZA_~1\AppData\Local\Temp\STD00000000.tmp"

. reg wage female

      Source |       SS       df       MS              Number of obs =    1000
-------------+------------------------------           F(  1,   998) =   47.31
       Model |  1764.32625     1  1764.32625           Prob > F      =  0.0000
    Residual |  37217.1724   998  37.2917559           R-squared     =  0.0453
-------------+------------------------------           Adj R-squared =  0.0443
       Total |  38981.4986   999  39.0205191           Root MSE      =  6.1067

------------------------------------------------------------------------------
        wage |      Coef.   Std. Err.      t    P>|t|     [95% Conf. Interval]
-------------+----------------------------------------------------------------
      female |   -2.65675   .3862493    -6.88   0.000    -3.414704   -1.898796
       _cons |   11.52545   .2714758    42.45   0.000     10.99273    12.05818
------------------------------------------------------------------------------

. 
. matrix betas = e(b) /* Guardo la matriz de coefficientes asociados a los regresores */

. scalar beta_0=betas[1,colsof(betas)] /* Genero el beta_0 */

. local aux=colsof(betas)-1 /* Genero un local igual a la cantidad de coefs de regresores (sin contar la constante) */

. 
. /* Genero un loop que guarda el resto de los betas (beta_1, beta_2, ... ) */
. forvalues i=1/`aux' {
  2. scalar beta_`i'=betas[1,`i']
  3. }

. *
. 
end of do-file

. do "C:\Users\DACZA_~1\AppData\Local\Temp\STD00000000.tmp"

. scalar SCR = e(rmse)

. 
end of do-file

. help reg

. ereturn
invalid syntax
r(198);

. ereturn list

scalars:
                  e(N) =  1000
               e(df_m) =  1
               e(df_r) =  998
                  e(F) =  47.31142865302898
                 e(r2) =  .0452606059363512
               e(rmse) =  6.106697623304628
                e(mss) =  1764.326246833633
                e(rss) =  37217.17235074945
               e(r2_a) =  .0443039532368886
                 e(ll) =  -3227.323671752805
               e(ll_0) =  -3250.482102522174
               e(rank) =  2

macros:
            e(cmdline) : "regress wage female"
              e(title) : "Linear regression"
          e(marginsok) : "XB default"
                e(vce) : "ols"
             e(depvar) : "wage"
                e(cmd) : "regress"
         e(properties) : "b V"
            e(predict) : "regres_p"
              e(model) : "ols"
          e(estat_cmd) : "regress_estat"

matrices:
                  e(b) :  1 x 2
                  e(V) :  2 x 2

functions:
             e(sample)   

. do "C:\Users\DACZA_~1\AppData\Local\Temp\STD00000000.tmp"

. scalar SCR = e(rss)

. scalar varianza = SCR/e(df_r)

. 
end of do-file

. display varianza
37.291756

. do "C:\Users\DACZA_~1\AppData\Local\Temp\STD00000000.tmp"

. tabstat log_wage, by(educ) s(mean sd count)

Summary for variables: log_wage
     by categories of: educ (Años de educación formal completos)

    educ |      mean        sd         N
---------+------------------------------
       1 |   1.48614         .         1
       4 |   1.64669  .2718982         6
       6 |  1.869022  .5506254        11
       8 |  1.808895  .4652123        10
       9 |  1.728196  .4564017        20
      10 |  1.755268  .3199866        16
      11 |  1.764269  .4332013        24
      12 |  1.998406  .4768437       379
      13 |  2.115645  .5046948       204
      14 |  2.284479  .4542072        60
      16 |  2.449539  .5287058       186
      18 |  2.773026  .4460489        83
---------+------------------------------
   Total |  2.166837  .5528061      1000
----------------------------------------

. 
end of do-file

. do "C:\Users\DACZA_~1\AppData\Local\Temp\STD00000000.tmp"

. reg log_wage educ

      Source |       SS       df       MS              Number of obs =    1000
-------------+------------------------------           F(  1,   998) =  272.72
       Model |  65.5213155     1  65.5213155           Prob > F      =  0.0000
    Residual |  239.767622   998  .240248118           R-squared     =  0.2146
-------------+------------------------------           Adj R-squared =  0.2138
       Total |  305.288937   999  .305594532           Root MSE      =  .49015

------------------------------------------------------------------------------
    log_wage |      Coef.   Std. Err.      t    P>|t|     [95% Conf. Interval]
-------------+----------------------------------------------------------------
        educ |   .1037608   .0062831    16.51   0.000     .0914313    .1160904
       _cons |   .7883743   .0848975     9.29   0.000     .6217761    .9549724
------------------------------------------------------------------------------

. 
end of do-file

. do "C:\Users\DACZA_~1\AppData\Local\Temp\STD00000000.tmp"

. reg wage female

      Source |       SS       df       MS              Number of obs =    1000
-------------+------------------------------           F(  1,   998) =   47.31
       Model |  1764.32625     1  1764.32625           Prob > F      =  0.0000
    Residual |  37217.1724   998  37.2917559           R-squared     =  0.0453
-------------+------------------------------           Adj R-squared =  0.0443
       Total |  38981.4986   999  39.0205191           Root MSE      =  6.1067

------------------------------------------------------------------------------
        wage |      Coef.   Std. Err.      t    P>|t|     [95% Conf. Interval]
-------------+----------------------------------------------------------------
      female |   -2.65675   .3862493    -6.88   0.000    -3.414704   -1.898796
       _cons |   11.52545   .2714758    42.45   0.000     10.99273    12.05818
------------------------------------------------------------------------------

. 
. matrix alphas = e(b) /* Guardo la matriz de coefficientes asociados a los regresores */

. scalar alpha_0=alphas[1,colsof(alphas)] /* Genero el beta_0 */

. local aux=colsof(alphas)-1 /* Genero un local igual a la cantidad de coefs de regresores (sin contar la constante) */

. 
. /* Genero un loop que guarda el resto de los betas (beta_1, beta_2, ... ) */
. forvalues i=1/`aux' {
  2. scalar alpha_`i'=alphas[1,`i']
  3. }

. *
. 
end of do-file

. do "C:\Users\DACZA_~1\AppData\Local\Temp\STD00000000.tmp"

. reg wage female

      Source |       SS       df       MS              Number of obs =    1000
-------------+------------------------------           F(  1,   998) =   47.31
       Model |  1764.32625     1  1764.32625           Prob > F      =  0.0000
    Residual |  37217.1724   998  37.2917559           R-squared     =  0.0453
-------------+------------------------------           Adj R-squared =  0.0443
       Total |  38981.4986   999  39.0205191           Root MSE      =  6.1067

------------------------------------------------------------------------------
        wage |      Coef.   Std. Err.      t    P>|t|     [95% Conf. Interval]
-------------+----------------------------------------------------------------
      female |   -2.65675   .3862493    -6.88   0.000    -3.414704   -1.898796
       _cons |   11.52545   .2714758    42.45   0.000     10.99273    12.05818
------------------------------------------------------------------------------

. 
. matrix alphas = e(b) /* Guardo la matriz de coefficientes asociados a los regresores */

. scalar alpha_0=alphas[1,colsof(alphas)] /* Genero el beta_0 */

. local aux=colsof(alphas)-1 /* Genero un local igual a la cantidad de coefs de regresores (sin contar la constante) */

. 
. /* Genero un loop que guarda el resto de los betas (beta_1, beta_2, ... ) */
. forvalues i=1/`aux' {
  2. scalar alpha_`i'=alphas[1,`i']
  3. }

. *
. 
end of do-file

. do "C:\Users\DACZA_~1\AppData\Local\Temp\STD00000000.tmp"

. reg log_wage educ

      Source |       SS       df       MS              Number of obs =    1000
-------------+------------------------------           F(  1,   998) =  272.72
       Model |  65.5213155     1  65.5213155           Prob > F      =  0.0000
    Residual |  239.767622   998  .240248118           R-squared     =  0.2146
-------------+------------------------------           Adj R-squared =  0.2138
       Total |  305.288937   999  .305594532           Root MSE      =  .49015

------------------------------------------------------------------------------
    log_wage |      Coef.   Std. Err.      t    P>|t|     [95% Conf. Interval]
-------------+----------------------------------------------------------------
        educ |   .1037608   .0062831    16.51   0.000     .0914313    .1160904
       _cons |   .7883743   .0848975     9.29   0.000     .6217761    .9549724
------------------------------------------------------------------------------

. 
. matrix betas = e(b) /* Guardo la matriz de coefficientes asociados a los regresores */

. scalar beta_0 = betas[1,colsof(betas)] /* Genero el beta_0 */

. local aux = colsof(betas)-1 /* Genero un local igual a la cantidad de coefs de regresores (sin contar la constante) */

. 
. /* Genero un loop que guarda el resto de los betas (beta_1, beta_2, ... ) */
. forvalues i=1/`aux' {
  2. scalar beta_`i' = betas[1,`i']
  3. }

. *
. 
end of do-file

. display beta_0
.78837427

. do "C:\Users\DACZA_~1\AppData\Local\Temp\STD00000000.tmp"

. scalar sal_12 = beta_0 + beta_1 * 12

. scalar sal_15 = beta_0 + beta_1 * 15

. 
. display sal_12 sal_15
2.0335042.3447864

. 
end of do-file

. do "C:\Users\DACZA_~1\AppData\Local\Temp\STD00000000.tmp"

. scalar sal_12 = beta_0 + beta_1 * 12

. scalar sal_15 = beta_0 + beta_1 * 15

. 
. display sal_12 
2.033504

. display sal_15
2.3447864

. 
end of do-file

. do "C:\Users\DACZA_~1\AppData\Local\Temp\STD00000000.tmp"

. g ceduc=0 if educ!=.

. replace ceduc=1 if educ>0 & educ!=.
(1000 real changes made)

. replace ceduc=2 if educ>6 & educ!=.
(982 real changes made)

. replace ceduc=3 if educ>9 & educ!=.
(952 real changes made)

. replace ceduc=4 if educ>12 & educ!=.
(533 real changes made)

. tabstat wage, by(ceduc) s(mean var)

Summary for variables: wage
     by categories of: ceduc 

   ceduc |      mean  variance
---------+--------------------
       1 |  6.605555  13.17163
       2 |  6.463333  12.29959
       3 |  8.110119  18.37873
       4 |  12.19902    49.074
---------+--------------------
   Total |  10.21302  39.02052
------------------------------

. 
end of do-file

. do "C:\Users\DACZA_~1\AppData\Local\Temp\STD00000000.tmp"

. g ceduc=0 if educ!=.
ceduc already defined
r(110);

end of do-file

r(110);

. do "C:\Users\DACZA_~1\AppData\Local\Temp\STD00000000.tmp"

. tabstat log_wage, by(ceduc) s(mean var)

Summary for variables: log_wage
     by categories of: ceduc 

   ceduc |      mean  variance
---------+--------------------
       1 |   1.77364  .2165268
       2 |  1.755096  .2051367
       3 |   1.97571  .2245154
       4 |  2.353538   .300861
---------+--------------------
   Total |  2.166837  .3055945
------------------------------

. 
end of do-file

. do "C:\Users\DACZA_~1\AppData\Local\Temp\STD00000000.tmp"

. g control=wage+educ+exper+female

. 
end of do-file

. do "C:\Users\DACZA_~1\AppData\Local\Temp\STD00000000.tmp"

. drop if control==.
(0 observations deleted)

. 
end of do-file

. do "C:\Users\DACZA_~1\AppData\Local\Temp\STD00000000.tmp"

. gen exper2=exper*exper

. 
end of do-file

. do "C:\Users\DACZA_~1\AppData\Local\Temp\STD00000000.tmp"

. reg wage educ exper exper2 female

      Source |       SS       df       MS              Number of obs =    1000
-------------+------------------------------           F(  4,   995) =  113.06
       Model |  12180.8328     4  3045.20819           Prob > F      =  0.0000
    Residual |  26800.6658   995  26.9353425           R-squared     =  0.3125
-------------+------------------------------           Adj R-squared =  0.3097
       Total |  38981.4986   999  39.0205191           Root MSE      =  5.1899

------------------------------------------------------------------------------
        wage |      Coef.   Std. Err.      t    P>|t|     [95% Conf. Interval]
-------------+----------------------------------------------------------------
        educ |    1.19825   .0682586    17.55   0.000     1.064303    1.332198
       exper |   .3427591   .0499702     6.86   0.000        .2447    .4408182
      exper2 |  -.0051238   .0011639    -4.40   0.000    -.0074078   -.0028399
      female |  -2.546047   .3283586    -7.75   0.000    -3.190402   -1.901692
       _cons |  -8.422098   1.040664    -8.09   0.000    -10.46425   -6.379951
------------------------------------------------------------------------------

. 
end of do-file

. do "C:\Users\DACZA_~1\AppData\Local\Temp\STD00000000.tmp"

. reg log_wage educ exper exper2 female

      Source |       SS       df       MS              Number of obs =    1000
-------------+------------------------------           F(  4,   995) =  135.89
       Model |  107.853558     4  26.9633895           Prob > F      =  0.0000
    Residual |  197.435379   995  .198427517           R-squared     =  0.3533
-------------+------------------------------           Adj R-squared =  0.3507
       Total |  305.288937   999  .305594532           Root MSE      =  .44545

------------------------------------------------------------------------------
    log_wage |      Coef.   Std. Err.      t    P>|t|     [95% Conf. Interval]
-------------+----------------------------------------------------------------
        educ |   .1086435   .0058586    18.54   0.000     .0971468    .1201402
       exper |   .0365092   .0042889     8.51   0.000     .0280928    .0449257
      exper2 |   -.000583   .0000999    -5.84   0.000     -.000779   -.0003869
      female |  -.2545058   .0281831    -9.03   0.000    -.3098109   -.1992008
       _cons |   .4438018   .0893203     4.97   0.000     .2685241    .6190796
------------------------------------------------------------------------------

. 
end of do-file

. do "C:\Users\DACZA_~1\AppData\Local\Temp\STD00000000.tmp"

. matrix gammas = e(b) /* Guardo la matriz de coefficientes asociados a los regresores */

. scalar gamma_0 = gammas[1,colsof(gammas)] /* Genero el beta_0 */

. local aux = colsof(gammas)-1 /* Genero un local igual a la cantidad de coefs de regresores (sin contar la constante) */

. 
. /* Genero un loop que guarda el resto de los betas (beta_1, beta_2, ... ) */
. forvalues i=1/`aux' {
  2. scalar gamma_`i' = gammas[1,`i']
  3. }

. *
. 
. scalar list
   gamma_4 = -.25450582
   gamma_3 = -.00058295
   gamma_2 =  .03650925
   gamma_1 =  .10864347
   gamma_0 =  .44380184
    sal_15 =  2.3447864
    sal_12 =   2.033504
   alpha_1 = -2.6567502
   alpha_0 =  11.525455
  varianza =  37.291756
       SCR =  37217.172
       var =  37.291756
     sigma =  6.1066976
    beta_0 =  .78837427
    beta_1 =  .10376081

. 
end of do-file

. do "C:\Users\DACZA_~1\AppData\Local\Temp\STD00000000.tmp"

. scalar sal_12_8_0 = gamma_0 + gamma_1 * 12 + gamma_2 * 8 + gamma_3 * 8^2 + gamma_4 * 0

. scalar sal_12_1 = gamma_0 + gamma_1 * 12 + gamma_2 * 8 + gamma_3 * 8^2 + gamma_4 * 1

. 
. display sal_12_8_0
2.0022885

. display sal_12_8_1
sal_12_8_1 not found
r(111);

end of do-file

r(111);

. do "C:\Users\DACZA_~1\AppData\Local\Temp\STD00000000.tmp"

. scalar sal_12_8_0 = gamma_0 + gamma_1 * 12 + gamma_2 * 8 + gamma_3 * 8^2 + gamma_4 * 0

. scalar sal_12_8_1 = gamma_0 + gamma_1 * 12 + gamma_2 * 8 + gamma_3 * 8^2 + gamma_4 * 1

. 
. display sal_12_8_0
2.0022885

. display sal_12_8_1
1.7477827

. 
end of do-file

. help e

. do "C:\Users\DACZA_~1\AppData\Local\Temp\STD00000000.tmp"

. scalar log_sal_12_8_0 = gamma_0 + gamma_1 * 12 + gamma_2 * 8 + gamma_3 * 8^2 + gamma_4 * 0

. scalar log_sal_12_8_1 = gamma_0 + gamma_1 * 12 + gamma_2 * 8 + gamma_3 * 8^2 + gamma_4 * 1

. 
. scalar sal_12_8_0 = exp(log_sal_12_8_0)

. scalar sal_12_8_1 = exp(log_sal_12_8_1)

. 
. display sal_12_8_0
7.4059852

. display sal_12_8_1
5.741857

. 
end of do-file

. do "C:\Users\DACZA_~1\AppData\Local\Temp\STD00000000.tmp"

. reg wage educ exper exper2 female 

      Source |       SS       df       MS              Number of obs =    1000
-------------+------------------------------           F(  4,   995) =  113.06
       Model |  12180.8328     4  3045.20819           Prob > F      =  0.0000
    Residual |  26800.6658   995  26.9353425           R-squared     =  0.3125
-------------+------------------------------           Adj R-squared =  0.3097
       Total |  38981.4986   999  39.0205191           Root MSE      =  5.1899

------------------------------------------------------------------------------
        wage |      Coef.   Std. Err.      t    P>|t|     [95% Conf. Interval]
-------------+----------------------------------------------------------------
        educ |    1.19825   .0682586    17.55   0.000     1.064303    1.332198
       exper |   .3427591   .0499702     6.86   0.000        .2447    .4408182
      exper2 |  -.0051238   .0011639    -4.40   0.000    -.0074078   -.0028399
      female |  -2.546047   .3283586    -7.75   0.000    -3.190402   -1.901692
       _cons |  -8.422098   1.040664    -8.09   0.000    -10.46425   -6.379951
------------------------------------------------------------------------------

. scalar Vero_NoRes=e(ll)

. 
end of do-file

. help chi

. help cchi2

. help chi2

. display e=f_chi2(2, 0.95)
e ambiguous abbreviation
r(111);

. display chi=f_chi2(2, 0.95)
chi not found
r(111);

. scalar chi=f_chi2(2, 0.95)
unknown function f_chi2()
r(133);

. scalar chi=chi2(2, 0.95)

. display chi
.37811494

. scalar chi=chi2(2, 0.05)

. display chi
.02469009

. do "C:\Users\DACZA_~1\AppData\Local\Temp\STD00000000.tmp"

. reg log_wage educ exper exper2 female 

      Source |       SS       df       MS              Number of obs =    1000
-------------+------------------------------           F(  4,   995) =  135.89
       Model |  107.853558     4  26.9633895           Prob > F      =  0.0000
    Residual |  197.435379   995  .198427517           R-squared     =  0.3533
-------------+------------------------------           Adj R-squared =  0.3507
       Total |  305.288937   999  .305594532           Root MSE      =  .44545

------------------------------------------------------------------------------
    log_wage |      Coef.   Std. Err.      t    P>|t|     [95% Conf. Interval]
-------------+----------------------------------------------------------------
        educ |   .1086435   .0058586    18.54   0.000     .0971468    .1201402
       exper |   .0365092   .0042889     8.51   0.000     .0280928    .0449257
      exper2 |   -.000583   .0000999    -5.84   0.000     -.000779   -.0003869
      female |  -.2545058   .0281831    -9.03   0.000    -.3098109   -.1992008
       _cons |   .4438018   .0893203     4.97   0.000     .2685241    .6190796
------------------------------------------------------------------------------

. scalar Vero_NoRes=e(ll)

. 
end of do-file

. do "C:\Users\DACZA_~1\AppData\Local\Temp\STD00000000.tmp"

. reg log_wage educ female 

      Source |       SS       df       MS              Number of obs =    1000
-------------+------------------------------           F(  2,   997) =  181.43
       Model |  81.4624333     2  40.7312166           Prob > F      =  0.0000
    Residual |  223.826504   997  .224500004           R-squared     =  0.2668
-------------+------------------------------           Adj R-squared =  0.2654
       Total |  305.288937   999  .305594532           Root MSE      =  .47381

------------------------------------------------------------------------------
    log_wage |      Coef.   Std. Err.      t    P>|t|     [95% Conf. Interval]
-------------+----------------------------------------------------------------
        educ |   .1025658   .0060753    16.88   0.000      .090644    .1144877
      female |  -.2526033    .029977    -8.43   0.000    -.3114285   -.1937781
       _cons |   .9290358   .0837483    11.09   0.000     .7646926    1.093379
------------------------------------------------------------------------------

. scalar Vero_Res=e(ll)

. 
end of do-file

. do "C:\Users\DACZA_~1\AppData\Local\Temp\STD00000000.tmp"

. * CONTRASTE ML (suponiendo que no hay heteroscedasticidad)
. *1 - obtener los residuos del modelo restringido
. 
. reg log_wage educ female

      Source |       SS       df       MS              Number of obs =    1000
-------------+------------------------------           F(  2,   997) =  181.43
       Model |  81.4624333     2  40.7312166           Prob > F      =  0.0000
    Residual |  223.826504   997  .224500004           R-squared     =  0.2668
-------------+------------------------------           Adj R-squared =  0.2654
       Total |  305.288937   999  .305594532           Root MSE      =  .47381

------------------------------------------------------------------------------
    log_wage |      Coef.   Std. Err.      t    P>|t|     [95% Conf. Interval]
-------------+----------------------------------------------------------------
        educ |   .1025658   .0060753    16.88   0.000      .090644    .1144877
      female |  -.2526033    .029977    -8.43   0.000    -.3114285   -.1937781
       _cons |   .9290358   .0837483    11.09   0.000     .7646926    1.093379
------------------------------------------------------------------------------

. predict residuos, resid

. 
. *2 - regresar los residuos del modelo restringido sobre todas las variables
. 
. reg residuos educ exper exper2 female

      Source |       SS       df       MS              Number of obs =    1000
-------------+------------------------------           F(  4,   995) =   33.25
       Model |   26.391125     4  6.59778125           Prob > F      =  0.0000
    Residual |  197.435379   995  .198427517           R-squared     =  0.1179
-------------+------------------------------           Adj R-squared =  0.1144
       Total |  223.826504   999  .224050555           Root MSE      =  .44545

------------------------------------------------------------------------------
    residuos |      Coef.   Std. Err.      t    P>|t|     [95% Conf. Interval]
-------------+----------------------------------------------------------------
        educ |   .0060777   .0058586     1.04   0.300    -.0054191    .0175744
       exper |   .0365092   .0042889     8.51   0.000     .0280928    .0449257
      exper2 |   -.000583   .0000999    -5.84   0.000     -.000779   -.0003869
      female |  -.0019025   .0281831    -0.07   0.946    -.0572076    .0534025
       _cons |  -.4852339   .0893203    -5.43   0.000    -.6605117   -.3099562
------------------------------------------------------------------------------

. 
. *3 - calcular el estadístico de ML del siguiente modo:
. 
. scalar ML= e(N)*e(r2)

. scalar pvalor_ML=chi2tail(2,ML)

. scalar dir ML pvalor_ML
        ML =  117.90885
 pvalor_ML =  2.491e-26

. 
end of do-file

. do "C:\Users\DACZA_~1\AppData\Local\Temp\STD00000000.tmp"

. reg log_wage educ exper exper2 female

      Source |       SS       df       MS              Number of obs =    1000
-------------+------------------------------           F(  4,   995) =  135.89
       Model |  107.853558     4  26.9633895           Prob > F      =  0.0000
    Residual |  197.435379   995  .198427517           R-squared     =  0.3533
-------------+------------------------------           Adj R-squared =  0.3507
       Total |  305.288937   999  .305594532           Root MSE      =  .44545

------------------------------------------------------------------------------
    log_wage |      Coef.   Std. Err.      t    P>|t|     [95% Conf. Interval]
-------------+----------------------------------------------------------------
        educ |   .1086435   .0058586    18.54   0.000     .0971468    .1201402
       exper |   .0365092   .0042889     8.51   0.000     .0280928    .0449257
      exper2 |   -.000583   .0000999    -5.84   0.000     -.000779   -.0003869
      female |  -.2545058   .0281831    -9.03   0.000    -.3098109   -.1992008
       _cons |   .4438018   .0893203     4.97   0.000     .2685241    .6190796
------------------------------------------------------------------------------

. test exper exper2

 ( 1)  exper = 0
 ( 2)  exper2 = 0

       F(  2,   995) =   66.50
            Prob > F =    0.0000

. 
. /* Notar que el STATA da el estadístico F(q,N-K) que equivale asintóticamente a una CHI2(q)/q, en este caso q=2 */
. 
. scalar WALD = r(F)*2

. scalar pvalor_WALD = chi2tail(2,WALD)

. scalar dir WALD pvalor_WALD
      WALD =  133.00134
pvalor_WALD =  1.316e-29

. 
end of do-file

. do "C:\Users\DACZA_~1\AppData\Local\Temp\STD00000000.tmp"

. scalar RV = -2*(Vero_Res-Vero_NoRes)

. scalar pvalor_RV = chi2tail(2,RV)

. scalar dir RV pvalor_RV
        RV =  125.45988
 pvalor_RV =  5.711e-28

. 
end of do-file

. do "C:\Users\DACZA_~1\AppData\Local\Temp\STD00000000.tmp"

. gen male = 0

. replace male = 1 if female == 0
(506 real changes made)

. 
. *MODELO BASE
. 
end of do-file

. do "C:\Users\DACZA_~1\AppData\Local\Temp\STD00000000.tmp"

. 
. reg log_wage educ exper exper2 female

      Source |       SS       df       MS              Number of obs =    1000
-------------+------------------------------           F(  4,   995) =  135.89
       Model |  107.853558     4  26.9633895           Prob > F      =  0.0000
    Residual |  197.435379   995  .198427517           R-squared     =  0.3533
-------------+------------------------------           Adj R-squared =  0.3507
       Total |  305.288937   999  .305594532           Root MSE      =  .44545

------------------------------------------------------------------------------
    log_wage |      Coef.   Std. Err.      t    P>|t|     [95% Conf. Interval]
-------------+----------------------------------------------------------------
        educ |   .1086435   .0058586    18.54   0.000     .0971468    .1201402
       exper |   .0365092   .0042889     8.51   0.000     .0280928    .0449257
      exper2 |   -.000583   .0000999    -5.84   0.000     -.000779   -.0003869
      female |  -.2545058   .0281831    -9.03   0.000    -.3098109   -.1992008
       _cons |   .4438018   .0893203     4.97   0.000     .2685241    .6190796
------------------------------------------------------------------------------

. 
end of do-file

. do "C:\Users\DACZA_~1\AppData\Local\Temp\STD00000000.tmp"

. 
. reg log_wage educ exper exper2 female male, nocons

      Source |       SS       df       MS              Number of obs =    1000
-------------+------------------------------           F(  5,   995) = 4841.10
       Model |  4803.03463     5  960.606927           Prob > F      =  0.0000
    Residual |  197.435379   995  .198427517           R-squared     =  0.9605
-------------+------------------------------           Adj R-squared =  0.9603
       Total |  5000.47001  1000  5.00047001           Root MSE      =  .44545

------------------------------------------------------------------------------
    log_wage |      Coef.   Std. Err.      t    P>|t|     [95% Conf. Interval]
-------------+----------------------------------------------------------------
        educ |   .1086435   .0058586    18.54   0.000     .0971468    .1201402
       exper |   .0365092   .0042889     8.51   0.000     .0280928    .0449257
      exper2 |   -.000583   .0000999    -5.84   0.000     -.000779   -.0003869
      female |    .189296   .0888911     2.13   0.033     .0148604    .3637317
        male |   .4438018   .0893203     4.97   0.000     .2685241    .6190796
------------------------------------------------------------------------------

. 
end of do-file

. do "C:\Users\DACZA_~1\AppData\Local\Temp\STD00000000.tmp"

. 
. gen edu_fem = educ*female

. gen exp_fem = exper*female

. gen exp2_fem = exper2*female

. 
. reg log_wage educ exper exper2 edu_fem exp_fem exp2_fem female 

      Source |       SS       df       MS              Number of obs =    1000
-------------+------------------------------           F(  7,   992) =   79.51
       Model |  109.721288     7  15.6744696           Prob > F      =  0.0000
    Residual |   195.56765   992  .197144808           R-squared     =  0.3594
-------------+------------------------------           Adj R-squared =  0.3549
       Total |  305.288937   999  .305594532           Root MSE      =  .44401

------------------------------------------------------------------------------
    log_wage |      Coef.   Std. Err.      t    P>|t|     [95% Conf. Interval]
-------------+----------------------------------------------------------------
        educ |    .099963   .0078966    12.66   0.000      .084467     .115459
       exper |   .0423009   .0059782     7.08   0.000     .0305695    .0540323
      exper2 |  -.0006515   .0001397    -4.66   0.000    -.0009256   -.0003774
     edu_fem |    .017757    .011762     1.51   0.131    -.0053244    .0408383
     exp_fem |  -.0111462   .0085681    -1.30   0.194    -.0279597    .0056674
    exp2_fem |   .0001283   .0001994     0.64   0.520     -.000263    .0005196
      female |  -.3427085   .1769825    -1.94   0.053    -.6900115    .0045946
       _cons |   .4841058   .1168737     4.14   0.000     .2547577    .7134538
------------------------------------------------------------------------------

. 
end of do-file

. do "C:\Users\DACZA_~1\AppData\Local\Temp\STD00000000.tmp"

. 
. reg log_wage educ exper exper2 edu_fem exp_fem exp2_fem female male, nocons

      Source |       SS       df       MS              Number of obs =    1000
-------------+------------------------------           F(  8,   992) = 3046.56
       Model |  4804.90236     8  600.612795           Prob > F      =  0.0000
    Residual |   195.56765   992  .197144808           R-squared     =  0.9609
-------------+------------------------------           Adj R-squared =  0.9606
       Total |  5000.47001  1000  5.00047001           Root MSE      =  .44401

------------------------------------------------------------------------------
    log_wage |      Coef.   Std. Err.      t    P>|t|     [95% Conf. Interval]
-------------+----------------------------------------------------------------
        educ |    .099963   .0078966    12.66   0.000      .084467     .115459
       exper |   .0423009   .0059782     7.08   0.000     .0305695    .0540323
      exper2 |  -.0006515   .0001397    -4.66   0.000    -.0009256   -.0003774
     edu_fem |    .017757    .011762     1.51   0.131    -.0053244    .0408383
     exp_fem |  -.0111462   .0085681    -1.30   0.194    -.0279597    .0056674
    exp2_fem |   .0001283   .0001994     0.64   0.520     -.000263    .0005196
      female |   .1413973   .1329035     1.06   0.288     -.119407    .4022016
        male |   .4841058   .1168737     4.14   0.000     .2547577    .7134538
------------------------------------------------------------------------------

. 
end of do-file

. do "C:\Users\DACZA_~1\AppData\Local\Temp\STD00000000.tmp"

. 
. gen edu_male = educ*male

. gen exp_male = exper*male

. gen exp2_male = exper2*male

. 
. reg log_wage edu_male exp_male exp2_male edu_fem exp_fem exp2_fem female male, nocons

      Source |       SS       df       MS              Number of obs =    1000
-------------+------------------------------           F(  8,   992) = 3046.56
       Model |  4804.90236     8  600.612795           Prob > F      =  0.0000
    Residual |   195.56765   992  .197144808           R-squared     =  0.9609
-------------+------------------------------           Adj R-squared =  0.9606
       Total |  5000.47001  1000  5.00047001           Root MSE      =  .44401

------------------------------------------------------------------------------
    log_wage |      Coef.   Std. Err.      t    P>|t|     [95% Conf. Interval]
-------------+----------------------------------------------------------------
    edu_male |    .099963   .0078966    12.66   0.000      .084467     .115459
    exp_male |   .0423009   .0059782     7.08   0.000     .0305695    .0540323
   exp2_male |  -.0006515   .0001397    -4.66   0.000    -.0009256   -.0003774
     edu_fem |     .11772   .0087171    13.50   0.000     .1006138    .1348261
     exp_fem |   .0311547   .0061378     5.08   0.000     .0191102    .0431993
    exp2_fem |  -.0005232   .0001423    -3.68   0.000    -.0008025    -.000244
      female |   .1413973   .1329035     1.06   0.288     -.119407    .4022016
        male |   .4841058   .1168737     4.14   0.000     .2547577    .7134538
------------------------------------------------------------------------------

. 
end of do-file

. do "C:\Users\DACZA_~1\AppData\Local\Temp\STD00000000.tmp"

. 
. reg log_wage educ exper exper2 if female == 1

      Source |       SS       df       MS              Number of obs =     494
-------------+------------------------------           F(  3,   490) =   69.99
       Model |   41.292059     3  13.7640197           Prob > F      =  0.0000
    Residual |  96.3642433   490  .196661721           R-squared     =  0.3000
-------------+------------------------------           Adj R-squared =  0.2957
       Total |  137.656302   493  .279221708           Root MSE      =  .44347

------------------------------------------------------------------------------
    log_wage |      Coef.   Std. Err.      t    P>|t|     [95% Conf. Interval]
-------------+----------------------------------------------------------------
        educ |     .11772   .0087064    13.52   0.000     .1006134    .1348265
       exper |   .0311547   .0061303     5.08   0.000     .0191099    .0431996
      exper2 |  -.0005232   .0001421    -3.68   0.000    -.0008025    -.000244
       _cons |   .1413973   .1327406     1.07   0.287    -.1194136    .4022082
------------------------------------------------------------------------------

. reg log_wage educ exper exper2 if female == 0

      Source |       SS       df       MS              Number of obs =     506
-------------+------------------------------           F(  3,   502) =   85.95
       Model |  50.9527281     3  16.9842427           Prob > F      =  0.0000
    Residual |  99.2034063   502  .197616347           R-squared     =  0.3393
-------------+------------------------------           Adj R-squared =  0.3354
       Total |  150.156134   505   .29733888           Root MSE      =  .44454

------------------------------------------------------------------------------
    log_wage |      Coef.   Std. Err.      t    P>|t|     [95% Conf. Interval]
-------------+----------------------------------------------------------------
        educ |    .099963   .0079061    12.64   0.000     .0844299    .1154961
       exper |   .0423009   .0059854     7.07   0.000     .0305414    .0540604
      exper2 |  -.0006515   .0001398    -4.66   0.000    -.0009263   -.0003768
       _cons |   .4841058   .1170134     4.14   0.000     .2542095     .714002
------------------------------------------------------------------------------

. 
end of do-file

. do "C:\Users\DACZA_~1\AppData\Local\Temp\STD00000000.tmp"

. reg log_wage educ exper exper2 female

      Source |       SS       df       MS              Number of obs =    1000
-------------+------------------------------           F(  4,   995) =  135.89
       Model |  107.853558     4  26.9633895           Prob > F      =  0.0000
    Residual |  197.435379   995  .198427517           R-squared     =  0.3533
-------------+------------------------------           Adj R-squared =  0.3507
       Total |  305.288937   999  .305594532           Root MSE      =  .44545

------------------------------------------------------------------------------
    log_wage |      Coef.   Std. Err.      t    P>|t|     [95% Conf. Interval]
-------------+----------------------------------------------------------------
        educ |   .1086435   .0058586    18.54   0.000     .0971468    .1201402
       exper |   .0365092   .0042889     8.51   0.000     .0280928    .0449257
      exper2 |   -.000583   .0000999    -5.84   0.000     -.000779   -.0003869
      female |  -.2545058   .0281831    -9.03   0.000    -.3098109   -.1992008
       _cons |   .4438018   .0893203     4.97   0.000     .2685241    .6190796
------------------------------------------------------------------------------

. 
end of do-file

. ereturn
invalid syntax
r(198);

. ereturn
invalid syntax
r(198);

. ereteurn
unrecognized command:  ereteurn
r(199);

. ereturn list

scalars:
                  e(N) =  1000
               e(df_m) =  4
               e(df_r) =  995
                  e(F) =  135.8853346363816
                 e(r2) =  .3532835452178151
               e(rmse) =  .4454520363425871
                e(mss) =  107.8535580214673
                e(rss) =  197.4353790983488
               e(r2_a) =  .3506836800729621
                 e(ll) =  -607.7665618949326
               e(ll_0) =  -825.6902252076254
               e(rank) =  5

macros:
            e(cmdline) : "regress log_wage educ exper exper2 female"
              e(title) : "Linear regression"
          e(marginsok) : "XB default"
                e(vce) : "ols"
             e(depvar) : "log_wage"
                e(cmd) : "regress"
         e(properties) : "b V"
            e(predict) : "regres_p"
              e(model) : "ols"
          e(estat_cmd) : "regress_estat"

matrices:
                  e(b) :  1 x 5
                  e(V) :  5 x 5

functions:
             e(sample)   

. help regress

. regress, beta

      Source |       SS       df       MS              Number of obs =    1000
-------------+------------------------------           F(  4,   995) =  135.89
       Model |  107.853558     4  26.9633895           Prob > F      =  0.0000
    Residual |  197.435379   995  .198427517           R-squared     =  0.3533
-------------+------------------------------           Adj R-squared =  0.3507
       Total |  305.288937   999  .305594532           Root MSE      =  .44545

------------------------------------------------------------------------------
    log_wage |      Coef.   Std. Err.      t    P>|t|                     Beta
-------------+----------------------------------------------------------------
        educ |   .1086435   .0058586    18.54   0.000                 .4850718
       exper |   .0365092   .0042889     8.51   0.000                 .7475346
      exper2 |   -.000583   .0000999    -5.84   0.000                -.5155436
      female |  -.2545058   .0281831    -9.03   0.000                -.2302931
       _cons |   .4438018   .0893203     4.97   0.000                        .
------------------------------------------------------------------------------

. do "C:\Users\DACZA_~1\AppData\Local\Temp\STD00000000.tmp"

. 
. rvpplot educ

. 
end of do-file

. run "C:\Users\DACZA_~1\AppData\Local\Temp\STD00000000.tmp"
rvpplot is not a twoway plot type
r(198);

. do "C:\Users\DACZA_~1\AppData\Local\Temp\STD00000000.tmp"

. 
. rvpplot educ, addplot(rvpplot exper)
rvpplot is not a twoway plot type
r(198);

end of do-file

r(198);

. do "C:\Users\DACZA_~1\AppData\Local\Temp\STD00000000.tmp"

. rvpplot educ, mcolor(green)

. 
end of do-file

. do "C:\Users\DACZA_~1\AppData\Local\Temp\STD00000000.tmp"

. rvpplot exper, mcolor(blue)

. 
end of do-file

. do "C:\Users\DACZA_~1\AppData\Local\Temp\STD00000000.tmp"

. rvpplot educ2, mcolor(gold)
variable educ2 not found
r(111);

end of do-file

r(111);

. do "C:\Users\DACZA_~1\AppData\Local\Temp\STD00000000.tmp"

. rvpplot educ, mcolor(green)

. 
end of do-file

. do "C:\Users\DACZA_~1\AppData\Local\Temp\STD00000000.tmp"

. rvpplot exper, mcolor(blue)

. 
end of do-file

. do "C:\Users\DACZA_~1\AppData\Local\Temp\STD00000000.tmp"

. rvpplot exper2, mcolor(gold)

. 
end of do-file

. do "C:\Users\DACZA_~1\AppData\Local\Temp\STD00000000.tmp"

. rvpplot female, mcolor(navy)

. 
end of do-file

. do "C:\Users\DACZA_~1\AppData\Local\Temp\STD00000000.tmp"

. 
. graph combine rvpplot educ, mcolor(green) rvpplot exper, mcolor(blue) rvpplot exper2, mcolor(gold) rvpplot female, mcolor(navy)
rvpplot is not a memory graph
r(198);

end of do-file

r(198);

. do "C:\Users\DACZA_~1\AppData\Local\Temp\STD00000000.tmp"

. global ruta "C:\Users\dacza_000\Desktop\UdelaR\CCEEA\Semestre 7\Econometría II\Prácticos\Práctico 1 - Repaso MRLG"

. 
end of do-file

. do "C:\Users\DACZA_~1\AppData\Local\Temp\STD00000000.tmp"

. graph save "$ruta\histograma de educación.gph", replace
(file C:\Users\dacza_000\Desktop\UdelaR\CCEEA\Semestre 7\Econometría II\Prácticos\Práctico 1 - Repaso MRLG\histograma de educación.gph saved)

. 
end of do-file

. do "C:\Users\DACZA_~1\AppData\Local\Temp\STD00000000.tmp"

. rvpplot educ, mcolor(green) addplot(rvpplot exper, mcolor(blue)), below
invalid 'below' 
r(198);

end of do-file

r(198);

. do "C:\Users\DACZA_~1\AppData\Local\Temp\STD00000000.tmp"

. rvpplot educ, mcolor(green) addplot(rvpplot exper, mcolor(blue), below)
rvpplot is not a twoway plot type
r(198);

end of do-file

r(198);

. do "C:\Users\DACZA_~1\AppData\Local\Temp\STD00000000.tmp"

. rvpplot exper, mcolor(blue)

. 
end of do-file

. do "C:\Users\DACZA_~1\AppData\Local\Temp\STD00000000.tmp"

. rvpplot educ, mcolor(green) addplot(exper, mcolor(blue), below)
exper is not a twoway plot type
r(198);

end of do-file

r(198);

. do "C:\Users\DACZA_~1\AppData\Local\Temp\STD00000000.tmp"

. rvpplot educ, addplot(exper)
exper is not a twoway plot type
r(198);

end of do-file

r(198);

. do "C:\Users\DACZA_~1\AppData\Local\Temp\STD00000000.tmp"

. 
. rvpplot educ, mcolor(green), saving(educ)
invalid 'saving' 
r(198);

end of do-file

r(198);

. do "C:\Users\DACZA_~1\AppData\Local\Temp\STD00000000.tmp"

. rvpplot educ, mcolor(green) saving(educ)
(file educ.gph saved)

. 
end of do-file

. do "C:\Users\DACZA_~1\AppData\Local\Temp\STD00000000.tmp"

. rvpplot educ, mcolor(green) saving(educ)
file educ.gph already exists
r(602);

end of do-file

r(602);

. do "C:\Users\DACZA_~1\AppData\Local\Temp\STD00000000.tmp"

. rvpplot educ, mcolor(green) saving(educ) replace
option replace not allowed
r(198);

end of do-file

r(198);

. do "C:\Users\DACZA_~1\AppData\Local\Temp\STD00000000.tmp"

. rvpplot exper, mcolor(blue) saving(exper)
(file exper.gph saved)

. 
end of do-file

. do "C:\Users\DACZA_~1\AppData\Local\Temp\STD00000000.tmp"

. rvpplot exper2, mcolor(gold) saving(exper2)
(file exper2.gph saved)

. 
end of do-file

. do "C:\Users\DACZA_~1\AppData\Local\Temp\STD00000000.tmp"

. rvpplot female, mcolor(navy) saving(female)
(file female.gph saved)

. 
end of do-file

. do "C:\Users\DACZA_~1\AppData\Local\Temp\STD00000000.tmp"

. graph combine educ.gph exper.gph exper2.gph female.gph

. 
end of do-file

. do "C:\Users\DACZA_~1\AppData\Local\Temp\STD00000000.tmp"

. 
. rvpplot educ, mcolor(green) saving(educ)
file educ.gph already exists
r(602);

end of do-file

r(602);

. do "C:\Users\DACZA_~1\AppData\Local\Temp\STD00000000.tmp"

. graph combine educ.gph exper.gph exper2.gph female.gph

. graph save "$ruta\residuos x regresores.gph", replace
(note: file C:\Users\dacza_000\Desktop\UdelaR\CCEEA\Semestre 7\Econometría II\Prácticos\Práctico 1 - Repaso MRLG\residuos x regresores.gph not found)
(file C:\Users\dacza_000\Desktop\UdelaR\CCEEA\Semestre 7\Econometría II\Prácticos\Práctico 1 - Repaso MRLG\residuos x regresores.gph saved)

. 
end of do-file

. do "C:\Users\DACZA_~1\AppData\Local\Temp\STD00000000.tmp"

. graph combine educ.gph exper.gph exper2.gph female.gph

. 
end of do-file

. do "C:\Users\DACZA_~1\AppData\Local\Temp\STD00000000.tmp"

. rvpplot female, mcolor(pink) saving(female)
file female.gph already exists
r(602);

end of do-file

r(602);

. do "C:\Users\DACZA_~1\AppData\Local\Temp\STD00000000.tmp"

. graph combine educ.gph exper.gph exper2.gph female.gph

. 
end of do-file

. do "C:\Users\DACZA_~1\AppData\Local\Temp\STD00000000.tmp"

. rvpplot female, mcolor(pink) saving(female)
file female.gph already exists
r(602);

end of do-file

r(602);

. graph drop Graph

. do "C:\Users\DACZA_~1\AppData\Local\Temp\STD00000000.tmp"

. rvpplot female, mcolor(pink) saving(female)
file female.gph already exists
r(602);

end of do-file

r(602);

. do "C:\Users\DACZA_~1\AppData\Local\Temp\STD00000000.tmp"

. rvpplot log_wage, yline(0) mcolor(purple) saving(log_wage)
log_wage is not in the model
r(398);

end of do-file

r(398);

. do "C:\Users\DACZA_~1\AppData\Local\Temp\STD00000000.tmp"

. reg log_wage educ exper exper2 female

      Source |       SS       df       MS              Number of obs =    1000
-------------+------------------------------           F(  4,   995) =  135.89
       Model |  107.853558     4  26.9633895           Prob > F      =  0.0000
    Residual |  197.435379   995  .198427517           R-squared     =  0.3533
-------------+------------------------------           Adj R-squared =  0.3507
       Total |  305.288937   999  .305594532           Root MSE      =  .44545

------------------------------------------------------------------------------
    log_wage |      Coef.   Std. Err.      t    P>|t|     [95% Conf. Interval]
-------------+----------------------------------------------------------------
        educ |   .1086435   .0058586    18.54   0.000     .0971468    .1201402
       exper |   .0365092   .0042889     8.51   0.000     .0280928    .0449257
      exper2 |   -.000583   .0000999    -5.84   0.000     -.000779   -.0003869
      female |  -.2545058   .0281831    -9.03   0.000    -.3098109   -.1992008
       _cons |   .4438018   .0893203     4.97   0.000     .2685241    .6190796
------------------------------------------------------------------------------

. 
end of do-file

. do "C:\Users\DACZA_~1\AppData\Local\Temp\STD00000000.tmp"

. rvpplot log_wage, yline(0) mcolor(purple) saving(log_wage)
log_wage is not in the model
r(398);

end of do-file

r(398);

. do "C:\Users\DACZA_~1\AppData\Local\Temp\STD00000000.tmp"

. rvfplot log_wage, yline(0) mcolor(purple) saving(log_wage)
varlist not allowed
r(101);

end of do-file

r(101);

. do "C:\Users\DACZA_~1\AppData\Local\Temp\STD00000000.tmp"

. rvfplot, yline(0) mcolor(purple) saving(log_wage)
(file log_wage.gph saved)

. 
end of do-file

. do "C:\Users\DACZA_~1\AppData\Local\Temp\STD00000000.tmp"

. graph combine educ.gph exper.gph exper2.gph female.gph log_wage.gph

. 
end of do-file

. do "C:\Users\DACZA_~1\AppData\Local\Temp\STD00000000.tmp"

. graph combine educ.gph exper.gph exper2.gph female.gph log_wage.gph

. 
end of do-file

. do "C:\Users\DACZA_~1\AppData\Local\Temp\STD00000000.tmp"

. rvpplot female, yline(0) mcolor(pink) saving(female)
file female.gph already exists
r(602);

end of do-file

r(602);

. do "C:\Users\DACZA_~1\AppData\Local\Temp\STD00000000.tmp"

. graph combine educ.gph exper.gph exper2.gph female.gph log_wage.gph

. 
end of do-file

. do "C:\Users\DACZA_~1\AppData\Local\Temp\STD00000000.tmp"

. rvfplot, yline(0) mcolor(purple) saving(log_wage, replace)
(file log_wage.gph saved)

. 
end of do-file

. do "C:\Users\DACZA_~1\AppData\Local\Temp\STD00000000.tmp"

. rvpplot educ, yline(0) mcolor(green) saving(educ, replace)
(file educ.gph saved)

. 
end of do-file

. do "C:\Users\DACZA_~1\AppData\Local\Temp\STD00000000.tmp"

. rvpplot exper, yline(0) mcolor(blue) saving(exper, replace)
(file exper.gph saved)

. 
end of do-file

. do "C:\Users\DACZA_~1\AppData\Local\Temp\STD00000000.tmp"

. rvpplot exper2, yline(0) mcolor(gold) saving(exper2, replace)
(file exper2.gph saved)

. 
end of do-file

. do "C:\Users\DACZA_~1\AppData\Local\Temp\STD00000000.tmp"

. rvpplot female, yline(0) mcolor(pink) saving(female, replace)
(file female.gph saved)

. 
end of do-file

. do "C:\Users\DACZA_~1\AppData\Local\Temp\STD00000000.tmp"

. graph combine educ.gph exper.gph exper2.gph female.gph log_wage.gph

. 
end of do-file

. do "C:\Users\DACZA_~1\AppData\Local\Temp\STD00000000.tmp"

. graph combine log_wage.gph educ.gph exper.gph exper2.gph female.gph

. graph save "$ruta\residuos x regresores.gph", replace
(file C:\Users\dacza_000\Desktop\UdelaR\CCEEA\Semestre 7\Econometría II\Prácticos\Práctico 1 - Repaso MRLG\residuos x regresores.gph saved)

. 
end of do-file

. do "C:\Users\DACZA_~1\AppData\Local\Temp\STD00000000.tmp"

. graph combine log_wage.gph educ.gph exper.gph exper2.gph female.gph rows(1) cols(5)
rows(1) is not a memory graph
r(198);

end of do-file

r(198);

. do "C:\Users\DACZA_~1\AppData\Local\Temp\STD00000000.tmp"

. graph combine log_wage.gph educ.gph exper.gph exper2.gph female.gph, rows(1) cols(5)

. 
end of do-file

. do "C:\Users\DACZA_~1\AppData\Local\Temp\STD00000000.tmp"

. graph combine log_wage.gph educ.gph exper.gph exper2.gph female.gph, rows(5) cols(1)

. 
end of do-file

. do "C:\Users\DACZA_~1\AppData\Local\Temp\STD00000000.tmp"

. graph combine log_wage.gph educ.gph exper.gph exper2.gph female.gph, rows(3) cols(3)

. 
end of do-file

. do "C:\Users\DACZA_~1\AppData\Local\Temp\STD00000000.tmp"

. graph combine log_wage.gph educ.gph exper.gph exper2.gph female.gph, rows(3) cols(3) holes(1)

. 
end of do-file

. do "C:\Users\DACZA_~1\AppData\Local\Temp\STD00000000.tmp"

. graph combine log_wage.gph educ.gph exper.gph exper2.gph female.gph, rows(3) cols(3) holes(2)

. 
end of do-file

. do "C:\Users\DACZA_~1\AppData\Local\Temp\STD00000000.tmp"

. rvfplot, yline(0) mcolor(purple) saving(log_wage, replace)
(file log_wage.gph saved)

. 
end of do-file

. do "C:\Users\DACZA_~1\AppData\Local\Temp\STD00000000.tmp"

. rvpplot educ, yline(0) mcolor(green) saving(educ, replace)
(file educ.gph saved)

. 
end of do-file

. do "C:\Users\DACZA_~1\AppData\Local\Temp\STD00000000.tmp"

. 
. rvfplot, yline(0) mcolor(purple) saving(log_wage, replace)
(file log_wage.gph saved)

. rvpplot educ, yline(0) mcolor(green) saving(educ, replace)
(file educ.gph saved)

. 
end of do-file

. help estat

. help estat imtest

. do "C:\Users\DACZA_~1\AppData\Local\Temp\STD00000000.tmp"

. estat imtest, white

White's test for Ho: homoskedasticity
         against Ha: unrestricted heteroskedasticity

         chi2(12)     =     34.22
         Prob > chi2  =    0.0006

Cameron & Trivedi's decomposition of IM-test

---------------------------------------------------
              Source |       chi2     df      p
---------------------+-----------------------------
  Heteroskedasticity |      34.22     12    0.0006
            Skewness |      20.80      4    0.0003
            Kurtosis |       3.59      1    0.0582
---------------------+-----------------------------
               Total |      58.61     17    0.0000
---------------------------------------------------

. 
end of do-file

. do "C:\Users\DACZA_~1\AppData\Local\Temp\STD00000000.tmp"

. estat hettest

Breusch-Pagan / Cook-Weisberg test for heteroskedasticity 
         Ho: Constant variance
         Variables: fitted values of log_wage

         chi2(1)      =    10.00
         Prob > chi2  =   0.0016

. 
end of do-file

. do "C:\Users\DACZA_~1\AppData\Local\Temp\STD00000000.tmp"

. avplots wage, yline(0) mcolor(purple) saving(wage, replace)
varlist not allowed
r(101);

end of do-file

r(101);

. do "C:\Users\DACZA_~1\AppData\Local\Temp\STD00000000.tmp"

. rvpplot wage, yline(0) mcolor(purple) saving(wage, replace)
wage is not in the model
r(398);

end of do-file

r(398);

. do "C:\Users\DACZA_~1\AppData\Local\Temp\STD00000000.tmp"

. graph combine log_wage.gph educ.gph exper.gph exper2.gph female.gph, rows(3) cols(3) holes(2)

. 
end of do-file

. do "C:\Users\DACZA_~1\AppData\Local\Temp\STD00000000.tmp"

. estat hettest

Breusch-Pagan / Cook-Weisberg test for heteroskedasticity 
         Ho: Constant variance
         Variables: fitted values of log_wage

         chi2(1)      =    10.00
         Prob > chi2  =   0.0016

. 
end of do-file

. do "C:\Users\DACZA_~1\AppData\Local\Temp\STD00000000.tmp"

. graph combine log_wage.gph educ.gph exper.gph exper2.gph female.gph, rows(3) cols(3) holes(2)

. 
end of do-file

. do "C:\Users\DACZA_~1\AppData\Local\Temp\STD00000000.tmp"

. estat hettest log_wage educ exper exper2
log_wage may not be specified
r(499);

end of do-file

r(499);

. do "C:\Users\DACZA_~1\AppData\Local\Temp\STD00000000.tmp"

. estat hettest educ exper exper2

Breusch-Pagan / Cook-Weisberg test for heteroskedasticity 
         Ho: Constant variance
         Variables: educ exper exper2

         chi2(3)      =    19.79
         Prob > chi2  =   0.0002

. 
end of do-file

. do "C:\Users\DACZA_~1\AppData\Local\Temp\STD00000000.tmp"

. estat hettest /* Busca hetero en log_wage */

Breusch-Pagan / Cook-Weisberg test for heteroskedasticity 
         Ho: Constant variance
         Variables: fitted values of log_wage

         chi2(1)      =    10.00
         Prob > chi2  =   0.0016

. estat hettest educ 

Breusch-Pagan / Cook-Weisberg test for heteroskedasticity 
         Ho: Constant variance
         Variables: educ

         chi2(1)      =     3.18
         Prob > chi2  =   0.0747

. estat hettest exper

Breusch-Pagan / Cook-Weisberg test for heteroskedasticity 
         Ho: Constant variance
         Variables: exper

         chi2(1)      =    13.55
         Prob > chi2  =   0.0002

. estat hettest exper2

Breusch-Pagan / Cook-Weisberg test for heteroskedasticity 
         Ho: Constant variance
         Variables: exper2

         chi2(1)      =    11.51
         Prob > chi2  =   0.0007

. 
end of do-file

. do "C:\Users\DACZA_~1\AppData\Local\Temp\STD00000000.tmp"

. reg log_wage educ exper exper2 female, robust

Linear regression                                      Number of obs =    1000
                                                       F(  4,   995) =  137.12
                                                       Prob > F      =  0.0000
                                                       R-squared     =  0.3533
                                                       Root MSE      =  .44545

------------------------------------------------------------------------------
             |               Robust
    log_wage |      Coef.   Std. Err.      t    P>|t|     [95% Conf. Interval]
-------------+----------------------------------------------------------------
        educ |   .1086435   .0061329    17.71   0.000     .0966086    .1206784
       exper |   .0365092   .0042944     8.50   0.000     .0280822    .0449363
      exper2 |   -.000583   .0001062    -5.49   0.000    -.0007914   -.0003745
      female |  -.2545058   .0282436    -9.01   0.000    -.3099296    -.199082
       _cons |   .4438018   .0908009     4.89   0.000     .2656185    .6219852
------------------------------------------------------------------------------

. 
end of do-file

. do "C:\Users\DACZA_~1\AppData\Local\Temp\STD00000000.tmp"

. reg  log_wage educ exper exper2 female, robust

Linear regression                                      Number of obs =    1000
                                                       F(  4,   995) =  137.12
                                                       Prob > F      =  0.0000
                                                       R-squared     =  0.3533
                                                       Root MSE      =  .44545

------------------------------------------------------------------------------
             |               Robust
    log_wage |      Coef.   Std. Err.      t    P>|t|     [95% Conf. Interval]
-------------+----------------------------------------------------------------
        educ |   .1086435   .0061329    17.71   0.000     .0966086    .1206784
       exper |   .0365092   .0042944     8.50   0.000     .0280822    .0449363
      exper2 |   -.000583   .0001062    -5.49   0.000    -.0007914   -.0003745
      female |  -.2545058   .0282436    -9.01   0.000    -.3099296    -.199082
       _cons |   .4438018   .0908009     4.89   0.000     .2656185    .6219852
------------------------------------------------------------------------------

. test exper exper2 

 ( 1)  exper = 0
 ( 2)  exper2 = 0

       F(  2,   995) =   78.88
            Prob > F =    0.0000

. 
end of do-file

. do "C:\Users\DACZA_~1\AppData\Local\Temp\STD00000000.tmp"

. reg log_wage educ exper exper2 female

      Source |       SS       df       MS              Number of obs =    1000
-------------+------------------------------           F(  4,   995) =  135.89
       Model |  107.853558     4  26.9633895           Prob > F      =  0.0000
    Residual |  197.435379   995  .198427517           R-squared     =  0.3533
-------------+------------------------------           Adj R-squared =  0.3507
       Total |  305.288937   999  .305594532           Root MSE      =  .44545

------------------------------------------------------------------------------
    log_wage |      Coef.   Std. Err.      t    P>|t|     [95% Conf. Interval]
-------------+----------------------------------------------------------------
        educ |   .1086435   .0058586    18.54   0.000     .0971468    .1201402
       exper |   .0365092   .0042889     8.51   0.000     .0280928    .0449257
      exper2 |   -.000583   .0000999    -5.84   0.000     -.000779   -.0003869
      female |  -.2545058   .0281831    -9.03   0.000    -.3098109   -.1992008
       _cons |   .4438018   .0893203     4.97   0.000     .2685241    .6190796
------------------------------------------------------------------------------

. test exper exper2 

 ( 1)  exper = 0
 ( 2)  exper2 = 0

       F(  2,   995) =   66.50
            Prob > F =    0.0000

. 
end of do-file

. do "C:\Users\DACZA_~1\AppData\Local\Temp\STD00000000.tmp"

. capture log close
